// Jest Snapshot v1, https://goo.gl/fbAQLP

exports[`ArrowUpIcon 1`] = `
<div>
  <svg
    class="sc-beySPh jroDkm"
    fill="currentcolor"
    viewBox="5 8 22 14"
    xmlns="http://www.w3.org/2000/svg"
  >
    <g>
      <polygon
        points="27,19 24,22 16,14 8,22 5,19 16,8"
      />
    </g>
  </svg>
</div>
`;
