// Jest Snapshot v1, https://goo.gl/fbAQLP

exports[`DetachIcon 1`] = `
<div>
  <svg
    class="sc-beySPh jroDkm"
    fill="currentcolor"
    viewBox="1.8 1 20.3 22"
    xmlns="http://www.w3.org/2000/svg"
    xmlns:xlink="http://www.w3.org/1999/xlink"
  >
    <rect
      height="4"
      rx="1"
      width="2"
      x="11"
      y="6"
    />
    <rect
      height="2"
      rx="1"
      width="2"
      x="11"
      y="11"
    />
    <rect
      height="3"
      rx="1"
      width="2"
      x="11"
      y="14"
    />
    <rect
      height="8"
      rx="2"
      width="20"
      x="2"
      y="1"
    />
    <path
      clip-rule="evenodd"
      d="M20 17H4V21H20V17ZM4 15C2.89543 15 2 15.8954 2 17V21C2 22.1046 2.89543 23 4 23H20C21.1046 23 22 22.1046 22 21V17C22 15.8954 21.1046 15 20 15H4Z"
      fill-rule="evenodd"
    />
  </svg>
</div>
`;
