// Jest Snapshot v1, https://goo.gl/fbAQLP

exports[`EditIconOutlined 1`] = `
<div>
  <svg
    class="sc-beySPh jroDkm"
    viewBox="-2 -2 32 32"
    x="0px"
    xmlns="http://www.w3.org/2000/svg"
    y="0px"
  >
    <path
      d="M21.8438 0C22.5625 0 23.2812 0.28126 23.9375 0.9375L27.0938 4.09376C27.6562 4.6875 28 5.4375 28 6.25C28 6.96876 27.75 7.6875 27.0938 8.34376L10.0625 25.3125C9.6875 25.6875 9.3125 25.9688 8.625 26.125L1.25 27.9375C1.15625 27.9688 1.03125 27.9688 0.9375 27.9688C0.40625 27.9688 0 27.5313 0 27.0313C0 26.9375 0 26.8438 0.03125 26.75L1.875 19.3125C2 18.7188 2.25 18.3438 2.6875 17.9063L19.6875 0.9375C20.25 0.375 21.0312 0 21.8438 0ZM3.5 20.9688L2.34375 25.625L6.96875 24.4688L3.5 20.9688ZM18.4688 4.96876L4.40625 19L8.9375 23.5938L23 9.53126L18.4688 4.96876ZM21.8125 2.03126C21.5625 2.03126 21.3125 2.125 21.0938 2.34376L19.875 3.5625L24.4375 8.15626L25.6875 6.90626C25.8438 6.75 26 6.5 26 6.1875C26 5.96876 25.9062 5.75 25.6875 5.5L22.5312 2.34376C22.3438 2.15626 22.0938 2.03126 21.8125 2.03126Z"
      fill="#000000"
    />
  </svg>
</div>
`;
