// Jest Snapshot v1, https://goo.gl/fbAQLP

exports[`LightbulbIcon 1`] = `
<div>
  <svg
    class="sc-beySPh jroDkm"
    viewBox="0 0 14 20"
    xmlns="http://www.w3.org/2000/svg"
  >
    <path
      d="M7 0a7 7 0 0 1 4 12.74V15a1 1 0 0 1-1 1H4a1 1 0 0 1-1-1v-2.26A7 7 0 0 1 7 0M4 19v-1h6v1a1 1 0 0 1-1 1H5a1 1 0 0 1-1-1M7 2a5 5 0 0 0-2 9.58V14h4v-2.42A5 5 0 0 0 7 2z"
      fill="#000000"
    />
    <path
      d="M4 15v-2.8A6 6 0 0 1 1 7a6 6 0 0 1 6-6 6 6 0 0 1 6 6 6 6 0 0 1-3 5.2V15z"
      fill="#ffffff"
    />
  </svg>
</div>
`;
