// Jest Snapshot v1, https://goo.gl/fbAQLP

exports[`IconButton renders correctly 1`] = `
<div>
  <div
    class="sc-guDLey kkZa-dY"
  >
    <button
      aria-label="IconButton-element"
      class="sc-beySPh eKvydP medium undefined-button ibutton ibutton-default medium"
      id="ibutton-:r0:"
      stile="mute"
      style="padding: 0px;"
      type="button"
    >
      <svg
        class="sc-jTQCzO gnhoWq"
        stroke="currentcolor"
        viewBox="-1 -1 26 26"
        xmlns="http://www.w3.org/2000/svg"
      >
        <line
          stroke-linecap="round"
          stroke-width="3"
          x1="1.5"
          x2="22.5"
          y1="22.5"
          y2="1.5"
        />
      </svg>
      <span
        class="touch touch-default"
        data-testid="touch-ripple"
      />
    </button>
  </div>
</div>
`;

exports[`IconButton renders with visible label 1`] = `
<div>
  <div
    class="sc-guDLey kkZa-dY"
  >
    <label
      class="sc-dmyCSP cwbdRF undefined-label"
      for="ibutton-:r1:"
    >
      IconButton-element
    </label>
    <button
      aria-label="IconButton-element"
      class="sc-beySPh eKvydP medium undefined-button ibutton ibutton-default medium"
      id="ibutton-:r1:"
      stile="mute"
      style="padding: 0px;"
      type="button"
    >
      <svg
        class="sc-jTQCzO gnhoWq"
        stroke="currentcolor"
        viewBox="-1 -1 26 26"
        xmlns="http://www.w3.org/2000/svg"
      >
        <line
          stroke-linecap="round"
          stroke-width="3"
          x1="1.5"
          x2="22.5"
          y1="22.5"
          y2="1.5"
        />
      </svg>
      <span
        class="touch touch-default"
        data-testid="touch-ripple"
      />
    </button>
  </div>
</div>
`;
